[ `go test -race -v ./...` | done: 4.952159653s ]
  === RUN   TestCreateClient
  --- PASS: TestCreateClient (0.00s)
  === RUN   TestClientSearchMartian
  --- PASS: TestClientSearchMartian (0.03s)
  === RUN   TestClientSearchEmpty
  --- PASS: TestClientSearchEmpty (0.00s)
  === RUN   TestClientSearchError
  --- PASS: TestClientSearchError (0.00s)
  === RUN   TestCreateMovieServerApiKeyRequired
  --- PASS: TestCreateMovieServerApiKeyRequired (0.00s)
  === RUN   TestCreateMovieServer
  --- PASS: TestCreateMovieServer (0.01s)
  === RUN   TestMovieServerSearch
  --- PASS: TestMovieServerSearch (1.27s)
  === RUN   TestMovieServerSearchEmptyQuery
  --- PASS: TestMovieServerSearchEmptyQuery (0.01s)
  === RUN   TestMovieServerSearchEmptyBody
  --- PASS: TestMovieServerSearchEmptyBody (0.01s)
  === RUN   TestMovieServerSearchWrongBody
  --- PASS: TestMovieServerSearchWrongBody (0.01s)
  PASS
  ok    github.com/plar/movie-service/rest  2.349s
